Building Windows application...                                 
flutter : Nuget.exe not 
found, trying to download 
or use cached version.
At line:1 char:1
+ flutter build windows > 
build_errors.txt 2>&1
+ ~~~~~~~~~~~~~~~~~~~~~~~~~~
~~~~~~~~~~~~~~~~~~~
    + CategoryInfo          
    : NotSpecified: (Nuget  
  .exe not f...cached ver   
 sion.:String) [], Remot    
eException
    + FullyQualifiedErrorId 
    : NativeCommandError
 
C:\Program Files\Microsoft 
Visual Studio\18\Insiders\MS
Build\Microsoft\VC\v180\Micr
osoft.CppBuild.targets(558,5
): warning MSB8029: The 
Intermediate directory or 
Output directory cannot 
reside under the Temporary 
directory as it could lead 
to issues with incremental 
build. [D:\programms\hussam\
build\windows\x64\ZERO_CHECK
.vcxproj]
C:\Program Files\Microsoft 
Visual Studio\18\Insiders\MS
Build\Microsoft\VC\v180\Micr
osoft.CppBuild.targets(558,5
): warning MSB8029: The 
Intermediate directory or 
Output directory cannot 
reside under the Temporary 
directory as it could lead 
to issues with incremental 
build. [D:\programms\hussam\
build\windows\x64\flutter\fl
utter_assemble.vcxproj]
C:\Program Files\Microsoft 
Visual Studio\18\Insiders\MS
Build\Microsoft\VC\v180\Micr
osoft.CppBuild.targets(558,5
): warning MSB8029: The 
Intermediate directory or 
Output directory cannot 
reside under the Temporary 
directory as it could lead 
to issues with incremental 
build. [D:\programms\hussam\
build\windows\x64\flutter\fl
utter_wrapper_plugin.vcxproj
]
C:\Program Files\Microsoft 
Visual Studio\18\Insiders\MS
Build\Microsoft\VC\v180\Micr
osoft.CppBuild.targets(558,5
): warning MSB8029: The 
Intermediate directory or 
Output directory cannot 
reside under the Temporary 
directory as it could lead 
to issues with incremental 
build. [D:\programms\hussam\
build\windows\x64\plugins\fi
le_selector_windows\file_sel
ector_windows_plugin.vcxproj
]
C:\Program Files\Microsoft 
Visual Studio\18\Insiders\MS
Build\Microsoft\VC\v180\Micr
osoft.CppBuild.targets(558,5
): warning MSB8029: The 
Intermediate directory or 
Output directory cannot 
reside under the Temporary 
directory as it could lead 
to issues with incremental 
build. [D:\programms\hussam\
build\windows\x64\plugins\fl
utter_localization\flutter_l
ocalization_plugin.vcxproj]
C:\Program Files\Microsoft 
Visual Studio\18\Insiders\MS
Build\Microsoft\VC\v180\Micr
osoft.CppBuild.targets(558,5
): warning MSB8029: The 
Intermediate directory or 
Output directory cannot 
reside under the Temporary 
directory as it could lead 
to issues with incremental 
build. [D:\programms\hussam\
build\windows\x64\flutter\fl
utter_wrapper_app.vcxproj]
C:\Program Files\Microsoft 
Visual Studio\18\Insiders\MS
Build\Microsoft\VC\v180\Micr
osoft.CppBuild.targets(558,5
): warning MSB8029: The 
Intermediate directory or 
Output directory cannot 
reside under the Temporary 
directory as it could lead 
to issues with incremental 
build. [D:\programms\hussam\
build\windows\x64\plugins\lo
cal_notifier\local_notifier_
plugin.vcxproj]
C:\Program Files\Microsoft 
Visual Studio\18\Insiders\MS
Build\Microsoft\VC\v180\Micr
osoft.CppBuild.targets(558,5
): warning MSB8029: The 
Intermediate directory or 
Output directory cannot 
reside under the Temporary 
directory as it could lead 
to issues with incremental 
build. [D:\programms\hussam\
build\windows\x64\plugins\pe
rmission_handler_windows\per
mission_handler_windows_plug
in.vcxproj]
C:\Program Files\Microsoft 
Visual Studio\18\Insiders\MS
Build\Microsoft\VC\v180\Micr
osoft.CppBuild.targets(558,5
): warning MSB8029: The 
Intermediate directory or 
Output directory cannot 
reside under the Temporary 
directory as it could lead 
to issues with incremental 
build. [D:\programms\hussam\
build\windows\x64\plugins\sq
lite3_flutter_libs\sqlite3.v
cxproj]
C:\Program Files\Microsoft 
Visual Studio\18\Insiders\MS
Build\Microsoft\VC\v180\Micr
osoft.CppBuild.targets(558,5
): warning MSB8029: The 
Intermediate directory or 
Output directory cannot 
reside under the Temporary 
directory as it could lead 
to issues with incremental 
build. [D:\programms\hussam\
build\windows\x64\plugins\sq
lite3_flutter_libs\sqlite3_f
lutter_libs_plugin.vcxproj]
C:\Program Files\Microsoft 
Visual Studio\18\Insiders\MS
Build\Microsoft\VC\v180\Micr
osoft.CppBuild.targets(558,5
): warning MSB8029: The 
Intermediate directory or 
Output directory cannot 
reside under the Temporary 
directory as it could lead 
to issues with incremental 
build. [D:\programms\hussam\
build\windows\x64\runner\hus
sam_clinc.vcxproj]
C:\Program Files\Microsoft 
Visual Studio\18\Insiders\MS
Build\Microsoft\VC\v180\Micr
osoft.CppBuild.targets(558,5
): warning MSB8029: The 
Intermediate directory or 
Output directory cannot 
reside under the Temporary 
directory as it could lead 
to issues with incremental 
build. [D:\programms\hussam\
build\windows\x64\ALL_BUILD.
vcxproj]
C:\Program Files\Microsoft 
Visual Studio\18\Insiders\MS
Build\Microsoft\VC\v180\Micr
osoft.CppBuild.targets(558,5
): warning MSB8029: The 
Intermediate directory or 
Output directory cannot 
reside under the Temporary 
directory as it could lead 
to issues with incremental 
build. [D:\programms\hussam\
build\windows\x64\INSTALL.vc
xproj]
Building Windows application...                                   118.6s
ظêأ Built build\windows\x64\runner\Release\hussam_clinc.exe
